// Jest Snapshot v1, https://goo.gl/fbAQLP

exports[`Charts/WCartesian Should be render correctly 1`] = `<div class="WPieChart" style="position: relative; width: 600px;"><svg width="600" height="400" viewBox="0 0 600 400"></svg></div>`;
