// Jest Snapshot v1, https://goo.gl/fbAQLP

exports[`Common/WAxisLabel Should be render correctly 1`] = `
<text x="30" y="135" text-anchor="middle" transform="rotate(-90 30 135)">
  <tspan x="30" dy="0em" style="font-size: 12px; color: rgb(68, 68, 68);">
    Production loss from potential
  </tspan>
  <tspan x="30" dy="1.25em" style="font-size: 12px; color: rgb(68, 68, 68);">
    out of service (â‚¬/year)
  </tspan>
</text>
`;
