// Jest Snapshot v1, https://goo.gl/fbAQLP

exports[`Common/WDot Should be render correctly 1`] = `
<wtrans-stub initialprops="[object Object]" transition="">
  <circle cx="50" cy="50" stroke="" stroke-width="2" fill="" r="0" style="cursor: default;"></circle>
</wtrans-stub>
`;
