// Jest Snapshot v1, https://goo.gl/fbAQLP

exports[`Components/WPie Should be render correctly 1`] = `
<g class="pie-sectors">
  <foreignObject style="width: 200px; height: 200px; transform: translate(100px, 100px);"></foreignObject>
  <g class="pie-sector">
    <path id="0" d="M 400,200
    A 100,100,0,
    0,0,
    392.8794897808724,162.94058313943916
L 300,200 Z" fill="red" style="opacity: 1;"></path>
  </g>
  <g class="pie-sector">
    <path id="1" d="M 392.8794897808724,162.94058313943916
    A 100,100,0,
    0,0,
    305.2177985437235,100.13621988750317
L 300,200 Z" fill="red" style="opacity: 1;"></path>
  </g>
  <g class="pie-sector">
    <path id="2" d="M 305.2177985437235,100.13621988750317
    A 100,100,0,
    0,0,
    235.03715405133886,123.97481571051262
L 300,200 Z" fill="red" style="opacity: 1;"></path>
  </g>
  <g class="pie-sector">
    <path id="3" d="M 235.03715405133886,123.97481571051262
    A 100,100,0,
    0,0,
    201.83225448497927,219.05501877454145
L 300,200 Z" fill="red" style="opacity: 1;"></path>
  </g>
  <g class="pie-sector">
    <path id="4" d="M 201.83225448497927,219.05501877454145
    A 100,100,0,
    0,0,
    238.56690325751902,278.90484538118665
L 300,200 Z" fill="red" style="opacity: 1;"></path>
  </g>
  <g class="pie-sector">
    <path id="5" d="M 238.56690325751902,278.90484538118665
    A 100,100,0,
    0,0,
    324.33541871316555,296.99374926279995
L 300,200 Z" fill="red" style="opacity: 1;"></path>
  </g>
  <g class="pie-sector">
    <path id="6" d="M 324.33541871316555,296.99374926279995
    A 100,100,0,
    0,0,
    400,200.00000000000003
L 300,200 Z" fill="red" style="opacity: 1;"></path>
  </g>
</g>
`;

exports[`Components/WPie Should be render correctly with custom radius 1`] = `
<g class="pie-sectors">
  <foreignObject style="width: 360px; height: 360px; transform: translate(180px, 20px);"></foreignObject>
  <g class="pie-sector">
    <path id="0" d="M 480,200
    A 180,180,0,
    0,0,
    467.1830816055703,133.29304965099047
L 439.31923467130855,144.41087470915872
            A 150,150,0,
            0,1,
            450,200 Z" fill="red" style="opacity: 1;"></path>
  </g>
  <g class="pie-sector">
    <path id="1" d="M 467.1830816055703,133.29304965099047
    A 180,180,0,
    0,0,
    309.39203737870235,20.245195797505716
L 307.8266978155853,50.20432983125477
            A 150,150,0,
            0,1,
            439.31923467130855,144.41087470915872 Z" fill="red" style="opacity: 1;"></path>
  </g>
  <g class="pie-sector">
    <path id="2" d="M 309.39203737870235,20.245195797505716
    A 180,180,0,
    0,0,
    183.0668772924099,63.15466827892271
L 202.55573107700826,85.96222356576894
            A 150,150,0,
            0,1,
            307.8266978155853,50.20432983125477 Z" fill="red" style="opacity: 1;"></path>
  </g>
  <g class="pie-sector">
    <path id="3" d="M 183.0668772924099,63.15466827892271
    A 180,180,0,
    0,0,
    123.29805807296268,234.29903379417465
L 152.7483817274689,228.5825281618122
            A 150,150,0,
            0,1,
            202.55573107700826,85.96222356576894 Z" fill="red" style="opacity: 1;"></path>
  </g>
  <g class="pie-sector">
    <path id="4" d="M 123.29805807296268,234.29903379417465
    A 180,180,0,
    0,0,
    189.42042586353426,342.028721686136
L 207.85035488627852,318.35726807178
            A 150,150,0,
            0,1,
            152.7483817274689,228.5825281618122 Z" fill="red" style="opacity: 1;"></path>
  </g>
  <g class="pie-sector">
    <path id="5" d="M 189.42042586353426,342.028721686136
    A 180,180,0,
    0,0,
    343.803753683698,374.58874867303996
L 336.5031280697483,345.4906238942
            A 150,150,0,
            0,1,
            207.85035488627852,318.35726807178 Z" fill="red" style="opacity: 1;"></path>
  </g>
  <g class="pie-sector">
    <path id="6" d="M 343.803753683698,374.58874867303996
    A 180,180,0,
    0,0,
    480,200.00000000000006
L 450,200.00000000000003
            A 150,150,0,
            0,1,
            336.5031280697483,345.4906238942 Z" fill="red" style="opacity: 1;"></path>
  </g>
</g>
`;
