// Jest Snapshot v1, https://goo.gl/fbAQLP

exports[`Widgets/WShowIfFit Should be check if show or hide child component 1`] = `undefined`;

exports[`Widgets/WShowIfFit Should be render correctly 1`] = `
<div class="WShowIfFit">
  <div></div>
</div>
`;
