// Jest Snapshot v1, https://goo.gl/fbAQLP

exports[`Widgets/WBullet Should be render correctly 1`] = `<span class="WBullet" style="background: black;"></span>`;
